// Jest Snapshot v1, https://goo.gl/fbAQLP

exports[`<Note /> Renders content and button 1`] = `2`;
